// Jest Snapshot v1, https://goo.gl/fbAQLP

exports[`Pruebas en <HeroPage /> Debe de mostrarse correctamente Snapshot 1`] = `
<div>
  <div
    class="row mt-5"
  >
    <div
      class="col-4"
    >
      <img
        alt="Batman"
        class="img-thumbnail animate__animated animate__fadeInLeft"
        src="/heroes/dc-batman.jpg"
      />
    </div>
    <div
      class="col-8"
    >
      <h3>
        Batman
      </h3>
      <ul
        class="list-group list-group-flush"
      >
        <li
          class="list-group-item"
        >
          <b>
            Alter ego:
          </b>
           
          Bruce Wayne
        </li>
        <li
          class="list-group-item"
        >
          <b>
            Publisher:
          </b>
           
          DC Comics
        </li>
        <li
          class="list-group-item"
        >
          <b>
            First appearance:
          </b>
           
          Detective Comics #27
        </li>
      </ul>
      <h5
        class="mt-3"
      >
        Characters
      </h5>
      <p>
        Bruce Wayne
      </p>
      <button
        class="btn btn-outline-primary"
      >
        Regresar
      </button>
    </div>
  </div>
</div>
`;
