// Jest Snapshot v1, https://goo.gl/fbAQLP

exports[`Pruebas en el <SearchPage/> Debe de mostrarse correctamente con valores por defecto 1`] = `
<div>
  <h1>
    SearchPage
  </h1>
  <hr />
  <div
    class="row g-2"
  >
    <div
      class="col-5"
    >
      <h4>
        Searching
      </h4>
      <hr />
      <form
        aria-label="form"
      >
        <div
          class="mb-3"
        >
          <label
            class="form-label visually-hidden"
            for="searchInput"
          >
            Search a hero
          </label>
          <input
            autocomplete="off"
            class="form-control"
            id="searchInput"
            name="searchText"
            placeholder="Search a hero"
            type="text"
            value=""
          />
        </div>
        <button
          aria-label="btn-search"
          class="btn btn-outline-primary"
          type="submit"
        >
          Search
        </button>
      </form>
    </div>
    <div
      class="col-7"
    >
      <h4>
        Results
      </h4>
      <hr />
      <div
        class="alert alert-primary col animate__animated animate__fadeIn"
        data-testid="search-message"
        role="status"
      >
        Search a hero
      </div>
      <div
        class="alert alert-danger col animate__animated animate__fadeIn"
        data-testid="error-message"
        role="alert"
        style="display: none;"
      >
        No hero with 
        <b />
      </div>
    </div>
  </div>
</div>
`;
