// Jest Snapshot v1, https://goo.gl/fbAQLP

exports[`Pruebas en el componente <LoginPage/> Debe de verificar que el componente se renderiza correctamente 1`] = `
<div>
  <div
    class="container mt-5 text-center"
  >
    <div
      class="row justify-content-center"
    >
      <div
        class="col-md-6"
      >
        <h1
          class="mb-4"
        >
          Login
        </h1>
        <hr
          class="mb-4"
        />
        <button
          aria-label="Iniciar sesiÃ³n"
          class="btn btn-primary btn-lg w-100"
        >
          Login 
        </button>
      </div>
    </div>
  </div>
</div>
`;
